node_modules/@types/react-router-dom/index.d.ts(13,10): error TS2724: '"react-router"' has no exported member named 'match'. Did you mean 'UIMatch'?
node_modules/@types/react-router-dom/index.d.ts(19,5): error TS2305: Module '"react-router"' has no exported member 'PromptProps'.
node_modules/@types/react-router-dom/index.d.ts(20,5): error TS2305: Module '"react-router"' has no exported member 'Prompt'.
node_modules/@types/react-router-dom/index.d.ts(23,5): error TS2305: Module '"react-router"' has no exported member 'RedirectProps'.
node_modules/@types/react-router-dom/index.d.ts(24,5): error TS2724: '"react-router"' has no exported member named 'Redirect'. Did you mean 'redirect'?
node_modules/@types/react-router-dom/index.d.ts(25,5): error TS2305: Module '"react-router"' has no exported member 'RouteChildrenProps'.
node_modules/@types/react-router-dom/index.d.ts(26,5): error TS2305: Module '"react-router"' has no exported member 'RouteComponentProps'.
node_modules/@types/react-router-dom/index.d.ts(33,5): error TS2305: Module '"react-router"' has no exported member 'SwitchProps'.
node_modules/@types/react-router-dom/index.d.ts(34,5): error TS2305: Module '"react-router"' has no exported member 'Switch'.
node_modules/@types/react-router-dom/index.d.ts(35,5): error TS2724: '"react-router"' has no exported member named 'match'. Did you mean 'UIMatch'?
node_modules/@types/react-router-dom/index.d.ts(37,5): error TS2305: Module '"react-router"' has no exported member 'withRouter'.
node_modules/@types/react-router-dom/index.d.ts(38,5): error TS2724: '"react-router"' has no exported member named 'RouterChildContext'. Did you mean 'RouterContext'?
node_modules/@types/react-router-dom/index.d.ts(39,5): error TS2305: Module '"react-router"' has no exported member 'useHistory'.
node_modules/@types/react-router-dom/index.d.ts(42,5): error TS2724: '"react-router"' has no exported member named 'useRouteMatch'. Did you mean 'RouteMatch'?
node_modules/react-router/dist/development/index.d.ts(4,8): error TS1259: Module '"C:/Users/navya/Desktop/Groceazy-code/client/node_modules/@types/react/index"' can only be default-imported using the 'esModuleInterop' flag
node_modules/react-router/dist/development/instrumentation-BB0wRuqz.d.ts(364,5): error TS18028: Private identifiers are only available when targeting ECMAScript 2015 and higher.
src/components/manager/analytics/AnalyticsDrilldownModal.tsx(12,29): error TS6142: Module '../../common/DebouncedSearch' was resolved to 'C:/Users/navya/Desktop/Groceazy-code/client/src/components/common/DebouncedSearch.tsx', but '--jsx' is not set.
src/components/manager/analytics/AnalyticsDrilldownModal.tsx(13,26): error TS6142: Module '../../common/FilterSelect' was resolved to 'C:/Users/navya/Desktop/Groceazy-code/client/src/components/common/FilterSelect.tsx', but '--jsx' is not set.
src/components/manager/analytics/AnalyticsDrilldownModal.tsx(99,16): error TS17004: Cannot use JSX unless the '--jsx' flag is provided.
src/components/manager/analytics/AnalyticsDrilldownModal.tsx(101,16): error TS17004: Cannot use JSX unless the '--jsx' flag is provided.
src/components/manager/analytics/AnalyticsDrilldownModal.tsx(104,16): error TS17004: Cannot use JSX unless the '--jsx' flag is provided.
src/components/manager/analytics/AnalyticsDrilldownModal.tsx(106,16): error TS17004: Cannot use JSX unless the '--jsx' flag is provided.
src/components/manager/analytics/AnalyticsDrilldownModal.tsx(111,5): error TS17004: Cannot use JSX unless the '--jsx' flag is provided.
src/components/manager/analytics/AnalyticsDrilldownModal.tsx(112,7): error TS17004: Cannot use JSX unless the '--jsx' flag is provided.
src/components/manager/analytics/AnalyticsDrilldownModal.tsx(113,7): error TS17004: Cannot use JSX unless the '--jsx' flag is provided.
src/components/manager/analytics/AnalyticsDrilldownModal.tsx(114,9): error TS17004: Cannot use JSX unless the '--jsx' flag is provided.
src/components/manager/analytics/AnalyticsDrilldownModal.tsx(115,9): error TS17004: Cannot use JSX unless the '--jsx' flag is provided.
src/components/manager/analytics/AnalyticsDrilldownModal.tsx(116,11): error TS17004: Cannot use JSX unless the '--jsx' flag is provided.
src/components/manager/analytics/AnalyticsDrilldownModal.tsx(117,11): error TS17004: Cannot use JSX unless the '--jsx' flag is provided.
src/components/manager/analytics/AnalyticsDrilldownModal.tsx(120,7): error TS17004: Cannot use JSX unless the '--jsx' flag is provided.
src/components/manager/analytics/AnalyticsDrilldownModal.tsx(121,9): error TS17004: Cannot use JSX unless the '--jsx' flag is provided.
src/components/manager/analytics/AnalyticsDrilldownModal.tsx(122,9): error TS17004: Cannot use JSX unless the '--jsx' flag is provided.
src/components/manager/analytics/AnalyticsDrilldownModal.tsx(128,5): error TS17004: Cannot use JSX unless the '--jsx' flag is provided.
src/components/manager/analytics/AnalyticsDrilldownModal.tsx(129,7): error TS17004: Cannot use JSX unless the '--jsx' flag is provided.
src/components/manager/analytics/AnalyticsDrilldownModal.tsx(134,7): error TS17004: Cannot use JSX unless the '--jsx' flag is provided.
src/components/manager/analytics/AnalyticsDrilldownModal.tsx(136,9): error TS17004: Cannot use JSX unless the '--jsx' flag is provided.
src/components/manager/analytics/AnalyticsDrilldownModal.tsx(137,11): error TS17004: Cannot use JSX unless the '--jsx' flag is provided.
src/components/manager/analytics/AnalyticsDrilldownModal.tsx(138,13): error TS17004: Cannot use JSX unless the '--jsx' flag is provided.
src/components/manager/analytics/AnalyticsDrilldownModal.tsx(139,13): error TS17004: Cannot use JSX unless the '--jsx' flag is provided.
src/components/manager/analytics/AnalyticsDrilldownModal.tsx(140,15): error TS17004: Cannot use JSX unless the '--jsx' flag is provided.
src/components/manager/analytics/AnalyticsDrilldownModal.tsx(141,15): error TS17004: Cannot use JSX unless the '--jsx' flag is provided.
src/components/manager/analytics/AnalyticsDrilldownModal.tsx(142,17): error TS17004: Cannot use JSX unless the '--jsx' flag is provided.
src/components/manager/analytics/AnalyticsDrilldownModal.tsx(143,19): error TS17004: Cannot use JSX unless the '--jsx' flag is provided.
src/components/manager/analytics/AnalyticsDrilldownModal.tsx(149,11): error TS17004: Cannot use JSX unless the '--jsx' flag is provided.
src/components/manager/analytics/AnalyticsDrilldownModal.tsx(153,13): error TS17004: Cannot use JSX unless the '--jsx' flag is provided.
src/components/manager/analytics/AnalyticsDrilldownModal.tsx(158,9): error TS17004: Cannot use JSX unless the '--jsx' flag is provided.
src/components/manager/analytics/AnalyticsDrilldownModal.tsx(159,11): error TS17004: Cannot use JSX unless the '--jsx' flag is provided.
src/components/manager/analytics/AnalyticsDrilldownModal.tsx(160,13): error TS17004: Cannot use JSX unless the '--jsx' flag is provided.
src/components/manager/analytics/AnalyticsDrilldownModal.tsx(174,11): error TS17004: Cannot use JSX unless the '--jsx' flag is provided.
src/components/manager/analytics/AnalyticsDrilldownModal.tsx(175,13): error TS17004: Cannot use JSX unless the '--jsx' flag is provided.
src/components/manager/analytics/AnalyticsDrilldownModal.tsx(176,13): error TS17004: Cannot use JSX unless the '--jsx' flag is provided.
src/components/manager/analytics/AnalyticsDrilldownModal.tsx(186,9): error TS17004: Cannot use JSX unless the '--jsx' flag is provided.
src/components/manager/analytics/AnalyticsDrilldownModal.tsx(188,13): error TS17004: Cannot use JSX unless the '--jsx' flag is provided.
src/components/manager/analytics/AnalyticsDrilldownModal.tsx(190,17): error TS17004: Cannot use JSX unless the '--jsx' flag is provided.
src/components/manager/analytics/AnalyticsDrilldownModal.tsx(194,13): error TS17004: Cannot use JSX unless the '--jsx' flag is provided.
src/components/manager/analytics/AnalyticsDrilldownModal.tsx(195,15): error TS17004: Cannot use JSX unless the '--jsx' flag is provided.
src/components/manager/analytics/AnalyticsDrilldownModal.tsx(196,17): error TS17004: Cannot use JSX unless the '--jsx' flag is provided.
src/components/manager/analytics/AnalyticsDrilldownModal.tsx(198,15): error TS17004: Cannot use JSX unless the '--jsx' flag is provided.
src/components/manager/analytics/AnalyticsDrilldownModal.tsx(199,17): error TS17004: Cannot use JSX unless the '--jsx' flag is provided.
src/components/manager/analytics/AnalyticsDrilldownModal.tsx(200,17): error TS17004: Cannot use JSX unless the '--jsx' flag is provided.
src/components/manager/analytics/AnalyticsDrilldownModal.tsx(204,13): error TS17004: Cannot use JSX unless the '--jsx' flag is provided.
src/components/manager/analytics/AnalyticsDrilldownModal.tsx(206,17): error TS17004: Cannot use JSX unless the '--jsx' flag is provided.
src/components/manager/analytics/AnalyticsDrilldownModal.tsx(210,19): error TS17004: Cannot use JSX unless the '--jsx' flag is provided.
src/components/manager/analytics/AnalyticsDrilldownModal.tsx(211,21): error TS17004: Cannot use JSX unless the '--jsx' flag is provided.
src/components/manager/analytics/AnalyticsDrilldownModal.tsx(216,21): error TS17004: Cannot use JSX unless the '--jsx' flag is provided.
src/components/manager/analytics/AnalyticsDrilldownModal.tsx(217,21): error TS17004: Cannot use JSX unless the '--jsx' flag is provided.
src/components/manager/analytics/AnalyticsDrilldownModal.tsx(218,23): error TS17004: Cannot use JSX unless the '--jsx' flag is provided.
src/components/manager/analytics/AnalyticsDrilldownModal.tsx(224,19): error TS17004: Cannot use JSX unless the '--jsx' flag is provided.
src/components/manager/analytics/AnalyticsDrilldownModal.tsx(225,21): error TS17004: Cannot use JSX unless the '--jsx' flag is provided.
src/components/manager/analytics/AnalyticsDrilldownModal.tsx(226,23): error TS17004: Cannot use JSX unless the '--jsx' flag is provided.
src/components/manager/analytics/AnalyticsDrilldownModal.tsx(230,25): error TS17004: Cannot use JSX unless the '--jsx' flag is provided.
src/components/manager/analytics/AnalyticsDrilldownModal.tsx(236,21): error TS17004: Cannot use JSX unless the '--jsx' flag is provided.
src/components/manager/analytics/AnalyticsDrilldownModal.tsx(237,23): error TS17004: Cannot use JSX unless the '--jsx' flag is provided.
src/components/manager/analytics/AnalyticsDrilldownModal.tsx(240,23): error TS17004: Cannot use JSX unless the '--jsx' flag is provided.
src/components/manager/analytics/AnalyticsDrilldownModal.tsx(254,19): error TS17004: Cannot use JSX unless the '--jsx' flag is provided.
src/components/manager/analytics/AnalyticsDrilldownModal.tsx(256,23): error TS17004: Cannot use JSX unless the '--jsx' flag is provided.
src/components/manager/analytics/AnalyticsDrilldownModal.tsx(263,25): error TS17004: Cannot use JSX unless the '--jsx' flag is provided.
src/components/manager/analytics/AnalyticsDrilldownModal.tsx(268,23): error TS17004: Cannot use JSX unless the '--jsx' flag is provided.
src/components/manager/analytics/AnalyticsDrilldownModal.tsx(275,25): error TS17004: Cannot use JSX unless the '--jsx' flag is provided.
src/components/products/ProductForm.tsx(17,19): error TS6142: Module '../common/Modal' was resolved to 'C:/Users/navya/Desktop/Groceazy-code/client/src/components/common/Modal.tsx', but '--jsx' is not set.
src/components/products/ProductForm.tsx(18,19): error TS6142: Module '../common/Input' was resolved to 'C:/Users/navya/Desktop/Groceazy-code/client/src/components/common/Input.tsx', but '--jsx' is not set.
src/components/products/ProductForm.tsx(19,20): error TS6142: Module '../common/Button' was resolved to 'C:/Users/navya/Desktop/Groceazy-code/client/src/components/common/Button.tsx', but '--jsx' is not set.
src/components/products/ProductForm.tsx(20,26): error TS6142: Module '../common/FilterSelect' was resolved to 'C:/Users/navya/Desktop/Groceazy-code/client/src/components/common/FilterSelect.tsx', but '--jsx' is not set.
src/components/products/ProductForm.tsx(118,5): error TS17004: Cannot use JSX unless the '--jsx' flag is provided.
src/components/products/ProductForm.tsx(124,7): error TS17004: Cannot use JSX unless the '--jsx' flag is provided.
src/components/products/ProductForm.tsx(125,9): error TS17004: Cannot use JSX unless the '--jsx' flag is provided.
src/components/products/ProductForm.tsx(126,11): error TS17004: Cannot use JSX unless the '--jsx' flag is provided.
src/components/products/ProductForm.tsx(134,11): error TS17004: Cannot use JSX unless the '--jsx' flag is provided.
src/components/products/ProductForm.tsx(146,11): error TS17004: Cannot use JSX unless the '--jsx' flag is provided.
src/components/products/ProductForm.tsx(156,11): error TS17004: Cannot use JSX unless the '--jsx' flag is provided.
src/components/products/ProductForm.tsx(165,11): error TS17004: Cannot use JSX unless the '--jsx' flag is provided.
src/components/products/ProductForm.tsx(173,11): error TS17004: Cannot use JSX unless the '--jsx' flag is provided.
src/components/products/ProductForm.tsx(182,11): error TS17004: Cannot use JSX unless the '--jsx' flag is provided.
src/components/products/ProductForm.tsx(183,13): error TS17004: Cannot use JSX unless the '--jsx' flag is provided.
src/components/products/ProductForm.tsx(203,9): error TS17004: Cannot use JSX unless the '--jsx' flag is provided.
src/components/products/ProductForm.tsx(204,11): error TS17004: Cannot use JSX unless the '--jsx' flag is provided.
src/components/products/ProductForm.tsx(207,11): error TS17004: Cannot use JSX unless the '--jsx' flag is provided.
src/components/products/ProductForm.tsx(218,9): error TS17004: Cannot use JSX unless the '--jsx' flag is provided.
src/components/products/ProductForm.tsx(219,11): error TS17004: Cannot use JSX unless the '--jsx' flag is provided.
src/components/products/ProductForm.tsx(227,11): error TS17004: Cannot use JSX unless the '--jsx' flag is provided.
src/components/products/ProductForm.tsx(236,9): error TS17004: Cannot use JSX unless the '--jsx' flag is provided.
src/components/products/ProductForm.tsx(237,11): error TS17004: Cannot use JSX unless the '--jsx' flag is provided.
src/components/products/ProductForm.tsx(243,13): error TS17004: Cannot use JSX unless the '--jsx' flag is provided.
src/components/products/ProductForm.tsx(245,17): error TS17004: Cannot use JSX unless the '--jsx' flag is provided.
src/components/products/ProductForm.tsx(246,19): error TS17004: Cannot use JSX unless the '--jsx' flag is provided.
src/components/products/ProductForm.tsx(251,19): error TS17004: Cannot use JSX unless the '--jsx' flag is provided.
src/components/products/ProductForm.tsx(256,21): error TS17004: Cannot use JSX unless the '--jsx' flag is provided.
src/components/products/ProductForm.tsx(264,11): error TS17004: Cannot use JSX unless the '--jsx' flag is provided.
src/components/products/ProductForm.tsx(265,13): error TS17004: Cannot use JSX unless the '--jsx' flag is provided.
src/components/products/ProductForm.tsx(266,15): error TS17004: Cannot use JSX unless the '--jsx' flag is provided.
src/components/products/ProductForm.tsx(267,15): error TS17004: Cannot use JSX unless the '--jsx' flag is provided.
src/components/products/ProductForm.tsx(271,13): error TS17004: Cannot use JSX unless the '--jsx' flag is provided.
src/components/products/ProductForm.tsx(281,9): error TS17004: Cannot use JSX unless the '--jsx' flag is provided.
src/components/products/ProductForm.tsx(282,11): error TS17004: Cannot use JSX unless the '--jsx' flag is provided.
src/components/products/ProductForm.tsx(285,11): error TS17004: Cannot use JSX unless the '--jsx' flag is provided.
src/config.ts(3,4): error TS1343: The 'import.meta' meta-property is only allowed when the '--module' option is 'es2020', 'es2022', 'esnext', 'system', 'node16', 'node18', 'node20', or 'nodenext'.
src/config.ts(3,16): error TS2339: Property 'env' does not exist on type 'ImportMeta'.
src/redux/store.ts(7,13): error TS1343: The 'import.meta' meta-property is only allowed when the '--module' option is 'es2020', 'es2022', 'esnext', 'system', 'node16', 'node18', 'node20', or 'nodenext'.
src/redux/store.ts(7,25): error TS2339: Property 'env' does not exist on type 'ImportMeta'.
